// Jest Snapshot v1, https://goo.gl/fbAQLP

exports[`Modal component snapchat correctly 1`] = `
<styled.div>
  <styled.div
    result="SUCCESS"
  >
    <ModalClose
      onClick={[MockFunction]}
    >
      Ã—
    </ModalClose>
    <strong>
      test
    </strong>
  </styled.div>
</styled.div>
`;
