// Jest Snapshot v1, https://goo.gl/fbAQLP

exports[`Header component snapchat correctly 1`] = `
<div>
  <h1>
    test
  </h1>
</div>
`;
